2024-10-04 10:59:09,938 - INFO - Starting email research test - Target: 50 emails over 10 minutes
2024-10-04 10:59:12,756 - INFO - Successfully sent email 1/50
2024-10-04 11:03:05,753 - INFO - Starting email research test - Target: 50 emails over 10 minutes
2024-10-04 11:04:16,419 - INFO - Successfully sent email 1/50
2024-10-04 11:04:32,880 - INFO - Successfully sent email 2/50
2024-10-04 11:04:47,523 - INFO - Successfully sent email 3/50
2024-10-04 11:05:03,375 - INFO - Successfully sent email 4/50
2024-10-04 11:05:16,003 - INFO - Successfully sent email 5/50
2024-10-04 11:05:29,893 - INFO - Successfully sent email 6/50
2024-10-04 11:05:46,409 - INFO - Successfully sent email 7/50
2024-10-04 11:05:59,059 - INFO - Successfully sent email 8/50
2024-10-04 11:06:13,303 - INFO - Successfully sent email 9/50
2024-10-04 11:06:27,121 - INFO - Successfully sent email 10/50
2024-10-04 11:06:31,870 - INFO - Starting email research test - Target: 50 emails over 10 minutes
2024-10-04 11:06:34,494 - INFO - Successfully sent email 1/50
2024-10-04 11:06:42,028 - INFO - Successfully sent email 11/50
2024-10-04 11:06:45,561 - INFO - Starting email research test - Target: 50 emails over 10 minutes
2024-10-04 11:06:48,130 - INFO - Successfully sent email 1/50
2024-10-04 11:06:58,558 - INFO - Successfully sent email 12/50
2024-10-04 11:07:15,252 - INFO - Successfully sent email 13/50
2024-10-04 11:07:30,922 - INFO - Successfully sent email 14/50
2024-10-04 11:07:44,817 - INFO - Successfully sent email 15/50
2024-10-04 11:08:05,509 - INFO - Starting email research test - Target: 50 emails over 10 minutes
2024-10-04 11:10:12,792 - ERROR - Failed to send email: [Errno 101] Network is unreachable
2024-10-04 11:10:12,796 - WARNING - Failed to send email 16/50
2024-10-04 11:10:20,984 - ERROR - Failed to send email: [Errno 101] Network is unreachable
2024-10-04 11:10:20,987 - WARNING - Failed to send email 1/50
2024-10-04 11:10:29,742 - INFO - Successfully sent email 17/50
2024-10-04 11:10:37,479 - INFO - Successfully sent email 2/50
2024-10-04 11:10:45,443 - INFO - Successfully sent email 18/50
2024-10-04 11:10:54,227 - INFO - Successfully sent email 3/50
2024-10-04 11:11:01,500 - INFO - Successfully sent email 19/50
2024-10-04 11:11:10,767 - INFO - Successfully sent email 4/50
2024-10-04 11:11:18,067 - INFO - Successfully sent email 20/50
2024-10-04 11:11:25,944 - INFO - Successfully sent email 5/50
2024-10-04 11:11:33,040 - INFO - Successfully sent email 21/50
2024-10-04 11:11:40,868 - INFO - Successfully sent email 6/50
2024-10-04 11:11:48,734 - INFO - Successfully sent email 22/50
2024-10-04 11:11:55,964 - INFO - Successfully sent email 7/50
2024-10-04 11:12:02,554 - INFO - Successfully sent email 23/50
2024-10-04 11:12:10,203 - INFO - Successfully sent email 8/50
2024-10-04 11:12:17,530 - INFO - Successfully sent email 24/50
2024-10-04 11:12:23,872 - INFO - Successfully sent email 9/50
2024-10-04 11:12:33,764 - INFO - Successfully sent email 25/50
2024-10-04 11:13:56,205 - INFO - Successfully sent email 26/50
2024-10-04 11:13:56,206 - WARNING - Time window exceeded, stopping email sends
2024-10-04 11:13:56,206 - INFO - 
    Research Complete:
    Total time: 650.45 seconds
    Successful sends: 25
    Failed sends: 1
    Average interval: 26.02 seconds
    
2024-10-04 11:14:51,320 - ERROR - Failed to send email: [Errno 101] Network is unreachable
2024-10-04 11:14:51,322 - WARNING - Failed to send email 10/50
2024-10-04 11:15:25,548 - INFO - Successfully sent email 11/50
2024-10-04 11:15:42,351 - INFO - Successfully sent email 12/50
2024-10-04 11:15:56,641 - INFO - Successfully sent email 13/50
2024-10-04 11:16:11,096 - INFO - Successfully sent email 14/50
2024-10-04 11:16:26,795 - INFO - Successfully sent email 15/50
2024-10-04 11:16:40,253 - INFO - Successfully sent email 16/50
2024-10-04 11:16:53,075 - INFO - Successfully sent email 17/50
2024-10-04 11:17:09,832 - INFO - Successfully sent email 18/50
2024-10-04 11:17:22,188 - INFO - Successfully sent email 19/50
2024-10-04 11:17:38,819 - INFO - Successfully sent email 20/50
2024-10-04 11:23:06,555 - INFO - Starting email research test - Target: 50 emails over 5 minutes
2024-10-04 11:23:19,280 - INFO - Successfully sent email 1/50
2024-10-04 11:24:47,228 - INFO - Starting email research test - Target: 50 emails over 4 minutes
2024-10-04 11:27:25,263 - INFO - Starting email research test - Target: 50 emails over 10 minutes
2024-10-04 11:27:28,011 - INFO - Successfully sent email 1/50
2024-10-04 11:27:42,137 - INFO - Successfully sent email 2/50
2024-10-04 11:27:57,772 - INFO - Successfully sent email 3/50
2024-10-04 11:28:12,282 - INFO - Successfully sent email 4/50
2024-10-04 11:28:26,213 - INFO - Successfully sent email 5/50
2024-10-04 11:28:42,574 - INFO - Successfully sent email 6/50
2024-10-04 11:28:55,066 - INFO - Successfully sent email 7/50
2024-10-04 11:29:11,115 - INFO - Successfully sent email 8/50
2024-10-04 11:29:23,856 - INFO - Successfully sent email 9/50
2024-10-04 11:29:39,487 - INFO - Successfully sent email 10/50
2024-10-04 11:35:14,159 - INFO - Starting email research test - Target: 50 emails over 10 minutes
2024-10-04 11:35:16,891 - INFO - Successfully sent email 1/50
2024-10-04 11:35:31,613 - INFO - Successfully sent email 2/50
2024-10-04 11:35:47,389 - INFO - Successfully sent email 3/50
2024-10-04 11:36:01,124 - INFO - Successfully sent email 4/50
2024-10-04 11:36:15,526 - INFO - Successfully sent email 5/50
2024-10-04 11:36:30,613 - INFO - Successfully sent email 6/50
2024-10-04 11:36:44,224 - INFO - Successfully sent email 7/50
2024-10-04 11:36:59,118 - INFO - Successfully sent email 8/50
2024-10-04 11:37:11,376 - INFO - Successfully sent email 9/50
2024-10-04 11:37:26,019 - INFO - Successfully sent email 10/50
2024-10-04 11:37:39,127 - INFO - Successfully sent email 11/50
2024-10-04 11:37:52,001 - INFO - Successfully sent email 12/50
2024-10-04 11:38:06,538 - INFO - Successfully sent email 13/50
2024-10-04 11:38:21,150 - INFO - Successfully sent email 14/50
2024-10-04 11:38:36,680 - INFO - Successfully sent email 15/50
2024-10-04 11:38:49,713 - INFO - Successfully sent email 16/50
2024-10-04 11:39:05,094 - INFO - Successfully sent email 17/50
2024-10-04 11:39:19,692 - INFO - Successfully sent email 18/50
2024-10-04 11:39:34,367 - INFO - Successfully sent email 19/50
2024-10-04 11:39:46,841 - INFO - Successfully sent email 20/50
2024-10-04 11:40:02,335 - INFO - Successfully sent email 21/50
2024-10-04 11:40:18,999 - INFO - Successfully sent email 22/50
2024-10-04 11:40:31,820 - INFO - Successfully sent email 23/50
2024-10-04 11:40:46,948 - INFO - Successfully sent email 24/50
2024-10-04 11:41:02,612 - INFO - Successfully sent email 25/50
2024-10-04 11:41:15,430 - INFO - Successfully sent email 26/50
2024-10-04 11:41:28,403 - INFO - Successfully sent email 27/50
2024-10-04 11:41:44,723 - INFO - Successfully sent email 28/50
2024-10-04 11:41:57,710 - INFO - Successfully sent email 29/50
2024-10-04 11:42:12,633 - INFO - Successfully sent email 30/50
2024-10-04 11:42:27,073 - INFO - Successfully sent email 31/50
2024-10-04 11:42:40,241 - INFO - Successfully sent email 32/50
2024-10-04 11:42:55,495 - INFO - Successfully sent email 33/50
2024-10-04 11:43:07,964 - INFO - Successfully sent email 34/50
2024-10-04 11:43:22,402 - INFO - Successfully sent email 35/50
2024-10-04 11:43:35,685 - INFO - Successfully sent email 36/50
2024-10-04 11:43:49,592 - INFO - Successfully sent email 37/50
2024-10-04 11:44:06,142 - INFO - Successfully sent email 38/50
2024-10-04 11:44:21,145 - INFO - Successfully sent email 39/50
2024-10-04 11:44:34,394 - INFO - Successfully sent email 40/50
2024-10-04 11:44:47,335 - INFO - Successfully sent email 41/50
2024-10-04 11:45:04,623 - INFO - Successfully sent email 42/50
2024-10-04 11:45:17,955 - INFO - Successfully sent email 43/50
2024-10-04 11:45:17,956 - WARNING - Time window exceeded, stopping email sends
2024-10-04 11:45:17,956 - INFO - 
    Research Complete:
    Total time: 603.80 seconds
    Successful sends: 43
    Failed sends: 0
    Average interval: 14.04 seconds
    
2025-06-26 11:39:48,865 - INFO - Starting email research test - Target: 50 emails over 10 minutes
2025-06-26 11:39:51,120 - INFO - Successfully sent email 1/50
2025-06-26 11:40:03,174 - INFO - Successfully sent email 2/50
2025-06-26 11:40:16,954 - INFO - Successfully sent email 3/50
2025-06-26 11:40:30,876 - INFO - Successfully sent email 4/50
2025-06-26 11:40:44,449 - INFO - Successfully sent email 5/50
2025-06-26 11:40:57,662 - INFO - Successfully sent email 6/50
2025-06-26 11:41:11,361 - INFO - Successfully sent email 7/50
2025-06-26 11:41:26,573 - INFO - Successfully sent email 8/50
2025-06-26 11:41:40,783 - INFO - Successfully sent email 9/50
2025-06-26 11:41:54,288 - INFO - Successfully sent email 10/50
2025-06-26 11:42:08,578 - INFO - Successfully sent email 11/50
2025-06-26 11:42:20,389 - INFO - Successfully sent email 12/50
2025-06-26 11:42:35,779 - INFO - Successfully sent email 13/50
2025-06-26 11:42:48,376 - INFO - Successfully sent email 14/50
2025-06-26 11:43:02,551 - INFO - Successfully sent email 15/50
2025-06-26 11:43:15,970 - INFO - Successfully sent email 16/50
2025-06-26 11:43:32,133 - INFO - Successfully sent email 17/50
2025-06-26 11:43:44,904 - INFO - Successfully sent email 18/50
2025-06-26 11:43:57,238 - INFO - Successfully sent email 19/50
2025-06-26 11:44:11,723 - INFO - Successfully sent email 20/50
2025-06-26 11:44:26,608 - INFO - Successfully sent email 21/50
2025-06-26 11:51:26,004 - INFO - Starting email research test - Target: 50 emails over 10 minutes
2025-06-26 11:51:28,266 - INFO - Successfully sent email 1/50
2025-06-26 11:51:41,694 - INFO - Successfully sent email 2/50
2025-06-26 11:51:50,671 - INFO - Starting email research test - Target: 50 emails over 10 minutes
2025-06-26 11:51:52,853 - INFO - Successfully sent email 1/50
2025-06-26 11:51:54,278 - INFO - Successfully sent email 3/50
2025-06-26 11:52:06,695 - INFO - Successfully sent email 4/50
2025-06-26 11:52:09,120 - INFO - Successfully sent email 2/50
2025-06-26 11:52:22,775 - INFO - Successfully sent email 5/50
2025-06-26 11:52:24,264 - INFO - Successfully sent email 3/50
2025-06-26 11:52:36,373 - INFO - Successfully sent email 6/50
2025-06-26 11:52:40,153 - INFO - Successfully sent email 4/50
2025-06-26 11:52:50,218 - INFO - Successfully sent email 7/50
2025-06-26 11:52:55,081 - INFO - Successfully sent email 5/50
2025-06-26 11:53:05,200 - INFO - Successfully sent email 8/50
2025-06-26 11:53:08,535 - INFO - Successfully sent email 6/50
2025-06-26 11:53:18,772 - INFO - Successfully sent email 9/50
2025-06-26 11:53:23,763 - INFO - Starting email research test - Target: 50 emails over 10 minutes
2025-06-26 11:53:25,878 - INFO - Successfully sent email 1/50
2025-06-26 11:53:32,935 - INFO - Successfully sent email 10/50
2025-06-26 11:53:39,395 - INFO - Successfully sent email 2/50
2025-06-26 11:53:48,199 - INFO - Successfully sent email 11/50
2025-06-26 11:53:55,655 - INFO - Successfully sent email 3/50
2025-06-26 11:54:00,620 - INFO - Successfully sent email 12/50
2025-06-26 11:54:11,382 - INFO - Successfully sent email 4/50
2025-06-26 11:54:15,007 - INFO - Successfully sent email 13/50
2025-06-26 11:54:26,162 - INFO - Successfully sent email 5/50
2025-06-26 11:54:27,240 - INFO - Successfully sent email 14/50
2025-06-26 11:54:40,454 - INFO - Successfully sent email 15/50
2025-06-26 11:54:41,914 - INFO - Successfully sent email 6/50
2025-06-26 11:54:53,474 - INFO - Successfully sent email 16/50
2025-06-26 11:54:56,899 - INFO - Successfully sent email 7/50
2025-06-26 11:55:06,617 - INFO - Successfully sent email 17/50
2025-06-26 11:55:11,189 - INFO - Successfully sent email 8/50
2025-06-26 11:55:21,470 - INFO - Successfully sent email 18/50
2025-06-26 11:55:27,070 - INFO - Successfully sent email 9/50
2025-06-26 11:55:34,557 - INFO - Successfully sent email 19/50
2025-06-26 11:55:39,165 - INFO - Successfully sent email 10/50
2025-06-26 11:55:46,310 - INFO - Successfully sent email 20/50
2025-06-26 11:55:53,612 - INFO - Successfully sent email 11/50
2025-06-26 11:55:59,269 - INFO - Successfully sent email 21/50
2025-06-26 11:56:07,081 - INFO - Successfully sent email 12/50
2025-06-26 11:56:15,452 - INFO - Successfully sent email 22/50
2025-06-26 11:56:20,533 - INFO - Successfully sent email 13/50
2025-06-26 11:56:28,991 - INFO - Successfully sent email 23/50
2025-06-26 11:56:33,577 - INFO - Successfully sent email 14/50
2025-06-26 11:56:41,057 - INFO - Successfully sent email 24/50
2025-06-26 11:56:46,907 - INFO - Successfully sent email 15/50
2025-06-26 11:56:55,976 - INFO - Successfully sent email 25/50
2025-06-26 11:57:01,545 - INFO - Successfully sent email 16/50
2025-06-26 11:57:11,566 - INFO - Successfully sent email 26/50
2025-06-26 11:57:14,391 - INFO - Successfully sent email 17/50
2025-06-26 11:57:24,120 - INFO - Successfully sent email 27/50
2025-06-26 11:57:29,867 - INFO - Successfully sent email 18/50
2025-06-26 11:57:39,690 - INFO - Successfully sent email 28/50
2025-06-26 11:57:43,709 - INFO - Successfully sent email 19/50
2025-06-26 11:57:52,923 - INFO - Successfully sent email 29/50
2025-06-26 11:57:58,534 - INFO - Successfully sent email 20/50
2025-06-26 11:58:05,408 - INFO - Successfully sent email 30/50
2025-06-26 11:58:12,072 - INFO - Successfully sent email 21/50
2025-06-26 11:58:18,572 - INFO - Successfully sent email 31/50
2025-06-26 11:58:26,339 - INFO - Successfully sent email 22/50
2025-06-26 11:58:34,837 - INFO - Successfully sent email 32/50
2025-06-26 11:58:41,831 - INFO - Successfully sent email 23/50
2025-06-26 11:58:47,826 - INFO - Successfully sent email 33/50
2025-06-26 11:58:54,720 - INFO - Successfully sent email 24/50
2025-06-26 11:59:02,925 - INFO - Successfully sent email 34/50
2025-06-26 11:59:07,117 - INFO - Successfully sent email 25/50
2025-06-26 11:59:19,290 - INFO - Successfully sent email 35/50
2025-06-26 11:59:20,259 - INFO - Successfully sent email 26/50
2025-06-26 11:59:32,612 - INFO - Successfully sent email 27/50
2025-06-26 11:59:33,423 - INFO - Successfully sent email 36/50
2025-06-26 11:59:47,652 - INFO - Successfully sent email 28/50
2025-06-26 11:59:48,066 - INFO - Successfully sent email 37/50
2025-06-26 12:00:00,094 - INFO - Successfully sent email 29/50
2025-06-26 12:00:04,321 - INFO - Successfully sent email 38/50
2025-06-26 12:00:16,487 - INFO - Successfully sent email 30/50
2025-06-26 12:00:19,583 - INFO - Successfully sent email 39/50
2025-06-26 12:00:29,137 - INFO - Successfully sent email 31/50
2025-06-26 12:00:32,842 - INFO - Successfully sent email 40/50
2025-06-26 12:00:44,106 - INFO - Successfully sent email 32/50
2025-06-26 12:00:48,212 - INFO - Successfully sent email 41/50
2025-06-26 12:00:56,892 - INFO - Successfully sent email 33/50
2025-06-26 12:01:02,084 - INFO - Successfully sent email 42/50
2025-06-26 12:01:10,239 - INFO - Successfully sent email 34/50
2025-06-26 12:01:14,607 - INFO - Successfully sent email 43/50
2025-06-26 12:01:24,219 - INFO - Successfully sent email 35/50
2025-06-26 12:01:26,777 - INFO - Successfully sent email 44/50
2025-06-26 12:01:26,779 - WARNING - Time window exceeded, stopping email sends
2025-06-26 12:01:26,779 - INFO - 
    Research Complete:
    Total time: 600.77 seconds
    Successful sends: 44
    Failed sends: 0
    Average interval: 13.65 seconds
    
2025-06-26 12:01:36,982 - INFO - Successfully sent email 36/50
2025-06-26 12:01:52,417 - INFO - Successfully sent email 37/50
2025-06-26 12:02:04,854 - INFO - Successfully sent email 38/50
2025-06-26 12:02:18,520 - INFO - Successfully sent email 39/50
